libxml2-dev
libcurl4-openssl-dev
libssl-dev
libfontconfig1-dev
libharfbuzz-dev libfribidi-dev 
libfreetype6-dev libpng-dev libtiff5-dev libjpeg-dev